command: compute-sanitizer --tool synccheck --error-exitcode 99 --target-processes all python -m torch.distributed.run --standalone --nproc-per-node=8 -m pytest -q -x tests/test_kimi_k3_dependency_schedule.py -k adversarial_routes or full_expert_batch or bit_for_bit
establishes: illegal or divergent barrier and warp-level synchronization. Does not model global-memory readiness between CTAs.
verdict: passed
exit_code: 0
reported_errors: 0
host_allowed_errors: 0
device_errors: 0
hazards: 0
rank_summaries: 8
========= COMPUTE-SANITIZER
................................................................................................................................................                                                       [100%]
18 passed, 18 deselected in 120.83s (0:02:00)
                                                       [100%]
18 passed, 18 deselected in 120.80s (0:02:00)
                                                       [100%]
18 passed, 18 deselected in 120.92s (0:02:00)
                                                       [100%]
18 passed, 18 deselected in 120.92s (0:02:00)
                                                       [100%]
18 passed, 18 deselected in 120.86s (0:02:00)
                                                       [100%]
18 passed, 18 deselected in 120.90s (0:02:00)
                                                       [100%]
18 passed, 18 deselected in 120.93s (0:02:00)
                                                       [100%]
18 passed, 18 deselected in 120.92s (0:02:00)
========= ERROR SUMMARY: 0 errors
